// Jest Snapshot v1, https://goo.gl/fbAQLP

exports[`CDK Stack Infrastructure Test 1`] = `
Object {
  "Outputs": Object {
    "HttpEndpoint": Object {
      "Export": Object {
        "Name": "HttpApiEndPoint",
      },
      "Value": Object {
        "Fn::GetAtt": Array [
          "HttpApiF5A9A8A7",
          "ApiEndpoint",
        ],
      },
    },
  },
  "Resources": Object {
    "HttpApiDefaultRoute146696CE": Object {
      "Properties": Object {
        "ApiId": Object {
          "Ref": "HttpApiF5A9A8A7",
        },
        "AuthorizationType": "NONE",
        "RouteKey": "$default",
        "Target": Object {
          "Fn::Join": Array [
            "",
            Array [
              "integrations/",
              Object {
                "Ref": "HttpApiDefaultRouteHttpLambda91177580",
              },
            ],
          ],
        },
      },
      "Type": "AWS::ApiGatewayV2::Route",
    },
    "HttpApiDefaultRouteHttpLambda91177580": Object {
      "Properties": Object {
        "ApiId": Object {
          "Ref": "HttpApiF5A9A8A7",
        },
        "IntegrationType": "AWS_PROXY",
        "IntegrationUri": Object {
          "Fn::GetAtt": Array [
            "LambdaService68B9B9DF",
            "Arn",
          ],
        },
        "PayloadFormatVersion": "2.0",
      },
      "Type": "AWS::ApiGatewayV2::Integration",
    },
    "HttpApiDefaultRouteHttpLambdaPermissionDE2D6043": Object {
      "Properties": Object {
        "Action": "lambda:InvokeFunction",
        "FunctionName": Object {
          "Fn::GetAtt": Array [
            "LambdaService68B9B9DF",
            "Arn",
          ],
        },
        "Principal": "apigateway.amazonaws.com",
        "SourceArn": Object {
          "Fn::Join": Array [
            "",
            Array [
              "arn:",
              Object {
                "Ref": "AWS::Partition",
              },
              ":execute-api:",
              Object {
                "Ref": "AWS::Region",
              },
              ":",
              Object {
                "Ref": "AWS::AccountId",
              },
              ":",
              Object {
                "Ref": "HttpApiF5A9A8A7",
              },
              "/*/*",
            ],
          ],
        },
      },
      "Type": "AWS::Lambda::Permission",
    },
    "HttpApiDefaultStage3EEB07D6": Object {
      "Properties": Object {
        "ApiId": Object {
          "Ref": "HttpApiF5A9A8A7",
        },
        "AutoDeploy": true,
        "StageName": "$default",
      },
      "Type": "AWS::ApiGatewayV2::Stage",
    },
    "HttpApiF5A9A8A7": Object {
      "Properties": Object {
        "Name": "HttpApiService",
        "ProtocolType": "HTTP",
      },
      "Type": "AWS::ApiGatewayV2::Api",
    },
    "LambdaService68B9B9DF": Object {
      "DependsOn": Array [
        "LambdaServiceServiceRole71319041",
      ],
      "Properties": Object {
        "Code": Object {
          "S3Bucket": Object {
            "Fn::Sub": "cdk-hnb659fds-assets-\${AWS::AccountId}-\${AWS::Region}",
          },
          "S3Key": "d7e852a2aff9865bfaf442235e27e62367c1239b90253638e2b5e4acb3547246.zip",
        },
        "FunctionName": "LambdaService",
        "Handler": "buildLambda.handler",
        "Role": Object {
          "Fn::GetAtt": Array [
            "LambdaServiceServiceRole71319041",
            "Arn",
          ],
        },
        "Runtime": "nodejs14.x",
      },
      "Type": "AWS::Lambda::Function",
    },
    "LambdaServiceServiceRole71319041": Object {
      "Properties": Object {
        "AssumeRolePolicyDocument": Object {
          "Statement": Array [
            Object {
              "Action": "sts:AssumeRole",
              "Effect": "Allow",
              "Principal": Object {
                "Service": "lambda.amazonaws.com",
              },
            },
          ],
          "Version": "2012-10-17",
        },
        "ManagedPolicyArns": Array [
          Object {
            "Fn::Join": Array [
              "",
              Array [
                "arn:",
                Object {
                  "Ref": "AWS::Partition",
                },
                ":iam::aws:policy/service-role/AWSLambdaBasicExecutionRole",
              ],
            ],
          },
        ],
      },
      "Type": "AWS::IAM::Role",
    },
  },
}
`;

exports[`CDKStack Infrastructure Test 1`] = `
Object {
  "Outputs": Object {
    "HttpEndpoint": Object {
      "Export": Object {
        "Name": "HttpApiEndPoint",
      },
      "Value": Object {
        "Fn::GetAtt": Array [
          "HttpApiF5A9A8A7",
          "ApiEndpoint",
        ],
      },
    },
  },
  "Resources": Object {
    "HttpApiDefaultRoute146696CE": Object {
      "Properties": Object {
        "ApiId": Object {
          "Ref": "HttpApiF5A9A8A7",
        },
        "AuthorizationType": "NONE",
        "RouteKey": "$default",
        "Target": Object {
          "Fn::Join": Array [
            "",
            Array [
              "integrations/",
              Object {
                "Ref": "HttpApiDefaultRouteHttpLambda91177580",
              },
            ],
          ],
        },
      },
      "Type": "AWS::ApiGatewayV2::Route",
    },
    "HttpApiDefaultRouteHttpLambda91177580": Object {
      "Properties": Object {
        "ApiId": Object {
          "Ref": "HttpApiF5A9A8A7",
        },
        "IntegrationType": "AWS_PROXY",
        "IntegrationUri": Object {
          "Fn::GetAtt": Array [
            "LambdaService68B9B9DF",
            "Arn",
          ],
        },
        "PayloadFormatVersion": "2.0",
      },
      "Type": "AWS::ApiGatewayV2::Integration",
    },
    "HttpApiDefaultRouteHttpLambdaPermissionDE2D6043": Object {
      "Properties": Object {
        "Action": "lambda:InvokeFunction",
        "FunctionName": Object {
          "Fn::GetAtt": Array [
            "LambdaService68B9B9DF",
            "Arn",
          ],
        },
        "Principal": "apigateway.amazonaws.com",
        "SourceArn": Object {
          "Fn::Join": Array [
            "",
            Array [
              "arn:",
              Object {
                "Ref": "AWS::Partition",
              },
              ":execute-api:",
              Object {
                "Ref": "AWS::Region",
              },
              ":",
              Object {
                "Ref": "AWS::AccountId",
              },
              ":",
              Object {
                "Ref": "HttpApiF5A9A8A7",
              },
              "/*/*",
            ],
          ],
        },
      },
      "Type": "AWS::Lambda::Permission",
    },
    "HttpApiDefaultStage3EEB07D6": Object {
      "Properties": Object {
        "ApiId": Object {
          "Ref": "HttpApiF5A9A8A7",
        },
        "AutoDeploy": true,
        "StageName": "$default",
      },
      "Type": "AWS::ApiGatewayV2::Stage",
    },
    "HttpApiF5A9A8A7": Object {
      "Properties": Object {
        "Name": "HttpApiService",
        "ProtocolType": "HTTP",
      },
      "Type": "AWS::ApiGatewayV2::Api",
    },
    "LambdaService68B9B9DF": Object {
      "DependsOn": Array [
        "LambdaServiceServiceRole71319041",
      ],
      "Properties": Object {
        "Code": Object {
          "S3Bucket": Object {
            "Fn::Sub": "cdk-hnb659fds-assets-\${AWS::AccountId}-\${AWS::Region}",
          },
          "S3Key": "d7e852a2aff9865bfaf442235e27e62367c1239b90253638e2b5e4acb3547246.zip",
        },
        "FunctionName": "LambdaService",
        "Handler": "buildLambda.handler",
        "Role": Object {
          "Fn::GetAtt": Array [
            "LambdaServiceServiceRole71319041",
            "Arn",
          ],
        },
        "Runtime": "nodejs14.x",
      },
      "Type": "AWS::Lambda::Function",
    },
    "LambdaServiceServiceRole71319041": Object {
      "Properties": Object {
        "AssumeRolePolicyDocument": Object {
          "Statement": Array [
            Object {
              "Action": "sts:AssumeRole",
              "Effect": "Allow",
              "Principal": Object {
                "Service": "lambda.amazonaws.com",
              },
            },
          ],
          "Version": "2012-10-17",
        },
        "ManagedPolicyArns": Array [
          Object {
            "Fn::Join": Array [
              "",
              Array [
                "arn:",
                Object {
                  "Ref": "AWS::Partition",
                },
                ":iam::aws:policy/service-role/AWSLambdaBasicExecutionRole",
              ],
            ],
          },
        ],
      },
      "Type": "AWS::IAM::Role",
    },
  },
}
`;
